@!@!@STARTMSG 2262:0 @!@!@
TLC2 Version 2.20 of Day Month 20?? (rev: 0040f4e)
@!@!@ENDMSG 2262 @!@!@
@!@!@STARTMSG 2187:0 @!@!@
Running breadth-first search Model-Checking with fp 76 and seed -6812886787249690974 with 1 worker on 8 cores with 3641MB heap and 64MB offheap memory [pid: 94364] (Mac OS X 15.5 aarch64, Oracle Corporation 18.0.2.1 x86_64, MSBDiskFPSet, DiskStateQueue).
@!@!@ENDMSG 2187 @!@!@
@!@!@STARTMSG 2220:0 @!@!@
Starting SANY...
@!@!@ENDMSG 2220 @!@!@
Parsing file /Users/sheyining/Documents/MyWork/soda/STPA/fortis-core/examples/aircraft_braking/Sys.tla
Parsing file /private/var/folders/r5/hqzmfm8j7gb32sjp8_cr04c80000gn/T/tlc-7135373052304658803/Integers.tla (jar:file:/Users/sheyining/.vscode/extensions/tlaplus.vscode-ide-2025.11.50111/tools/tla2tools.jar!/tla2sany/StandardModules/Integers.tla)
Parsing file /private/var/folders/r5/hqzmfm8j7gb32sjp8_cr04c80000gn/T/tlc-7135373052304658803/Naturals.tla (jar:file:/Users/sheyining/.vscode/extensions/tlaplus.vscode-ide-2025.11.50111/tools/tla2tools.jar!/tla2sany/StandardModules/Naturals.tla)
Parsing file /Users/sheyining/Documents/MyWork/soda/STPA/fortis-core/examples/aircraft_braking/MBSCU.tla
Parsing file /Users/sheyining/Documents/MyWork/soda/STPA/fortis-core/examples/aircraft_braking/EnvFlightCrew.tla
Semantic processing of module Naturals
Semantic processing of module Integers
Semantic processing of module MBSCU
Semantic processing of module EnvFlightCrew
Semantic processing of module Sys
Linting of module MBSCU
Linting of module EnvFlightCrew
Linting of module Sys
@!@!@STARTMSG 2219:0 @!@!@
SANY finished.
@!@!@ENDMSG 2219 @!@!@
@!@!@STARTMSG 2185:0 @!@!@
Starting... (2025-11-05 15:00:06)
@!@!@ENDMSG 2185 @!@!@
@!@!@STARTMSG 2189:0 @!@!@
Computing initial states...
@!@!@ENDMSG 2189 @!@!@
@!@!@STARTMSG 2190:0 @!@!@
Finished computing initial states: 2 distinct states generated at 2025-11-05 15:00:07.
@!@!@ENDMSG 2190 @!@!@
@!@!@STARTMSG 2110:1 @!@!@
Invariant IntimeBrakeAfterTouchdown is violated.
@!@!@ENDMSG 2110 @!@!@
@!@!@STARTMSG 2121:1 @!@!@
The behavior up to this point is:
@!@!@ENDMSG 2121 @!@!@
@!@!@STARTMSG 2217:4 @!@!@
1: <Initial predicate>
/\ state_crew = "bscu_off"
/\ abnormality_flag_crew = FALSE
/\ abnormality_happened_bscu = FALSE
/\ touchdown_happened_bscu = FALSE
/\ state_bscu = "bscu_off"
/\ time_crew = 0

@!@!@ENDMSG 2217 @!@!@
@!@!@STARTMSG 2217:4 @!@!@
2: <TurnBSCUOn line 48, col 5 to line 49, col 21 of module Sys>
/\ state_crew = "bscu_on"
/\ abnormality_flag_crew = FALSE
/\ abnormality_happened_bscu = FALSE
/\ touchdown_happened_bscu = FALSE
/\ state_bscu = "bscu_on"
/\ time_crew = 1

@!@!@ENDMSG 2217 @!@!@
@!@!@STARTMSG 2217:4 @!@!@
3: <ArmAutobrake line 56, col 5 to line 57, col 23 of module Sys>
/\ state_crew = "bscu_armed"
/\ abnormality_flag_crew = FALSE
/\ abnormality_happened_bscu = FALSE
/\ touchdown_happened_bscu = FALSE
/\ state_bscu = "bscu_armed"
/\ time_crew = 2

@!@!@ENDMSG 2217 @!@!@
@!@!@STARTMSG 2217:4 @!@!@
4: <Wait line 76, col 5 to line 77, col 15 of module Sys>
/\ state_crew = "bscu_armed"
/\ abnormality_flag_crew = FALSE
/\ abnormality_happened_bscu = FALSE
/\ touchdown_happened_bscu = FALSE
/\ state_bscu = "bscu_armed"
/\ time_crew = 3

@!@!@ENDMSG 2217 @!@!@
@!@!@STARTMSG 2217:4 @!@!@
5: <Wait line 76, col 5 to line 77, col 15 of module Sys>
/\ state_crew = "bscu_armed"
/\ abnormality_flag_crew = FALSE
/\ abnormality_happened_bscu = FALSE
/\ touchdown_happened_bscu = FALSE
/\ state_bscu = "bscu_armed"
/\ time_crew = 4

@!@!@ENDMSG 2217 @!@!@
@!@!@STARTMSG 2217:4 @!@!@
6: <Wait line 76, col 5 to line 77, col 15 of module Sys>
/\ state_crew = "bscu_armed"
/\ abnormality_flag_crew = FALSE
/\ abnormality_happened_bscu = FALSE
/\ touchdown_happened_bscu = FALSE
/\ state_bscu = "bscu_armed"
/\ time_crew = 5

@!@!@ENDMSG 2217 @!@!@
@!@!@STARTMSG 2217:4 @!@!@
7: <Wait line 76, col 5 to line 77, col 15 of module Sys>
/\ state_crew = "bscu_armed"
/\ abnormality_flag_crew = FALSE
/\ abnormality_happened_bscu = FALSE
/\ touchdown_happened_bscu = FALSE
/\ state_bscu = "bscu_armed"
/\ time_crew = 6

@!@!@ENDMSG 2217 @!@!@
@!@!@STARTMSG 2217:4 @!@!@
8: <Wait line 76, col 5 to line 77, col 15 of module Sys>
/\ state_crew = "bscu_armed"
/\ abnormality_flag_crew = FALSE
/\ abnormality_happened_bscu = FALSE
/\ touchdown_happened_bscu = FALSE
/\ state_bscu = "bscu_armed"
/\ time_crew = 7

@!@!@ENDMSG 2217 @!@!@
@!@!@STARTMSG 2217:4 @!@!@
9: <Wait line 76, col 5 to line 77, col 15 of module Sys>
/\ state_crew = "bscu_armed"
/\ abnormality_flag_crew = FALSE
/\ abnormality_happened_bscu = FALSE
/\ touchdown_happened_bscu = FALSE
/\ state_bscu = "bscu_armed"
/\ time_crew = 8

@!@!@ENDMSG 2217 @!@!@
@!@!@STARTMSG 2217:4 @!@!@
10: <Wait line 76, col 5 to line 77, col 15 of module Sys>
/\ state_crew = "bscu_armed"
/\ abnormality_flag_crew = FALSE
/\ abnormality_happened_bscu = FALSE
/\ touchdown_happened_bscu = FALSE
/\ state_bscu = "bscu_armed"
/\ time_crew = 9

@!@!@ENDMSG 2217 @!@!@
@!@!@STARTMSG 2217:4 @!@!@
11: <Wait line 76, col 5 to line 77, col 15 of module Sys>
/\ state_crew = "bscu_armed"
/\ abnormality_flag_crew = FALSE
/\ abnormality_happened_bscu = FALSE
/\ touchdown_happened_bscu = FALSE
/\ state_bscu = "bscu_armed"
/\ time_crew = 10

@!@!@ENDMSG 2217 @!@!@
@!@!@STARTMSG 2217:4 @!@!@
12: <Wait line 76, col 5 to line 77, col 15 of module Sys>
/\ state_crew = "bscu_armed"
/\ abnormality_flag_crew = FALSE
/\ abnormality_happened_bscu = FALSE
/\ touchdown_happened_bscu = FALSE
/\ state_bscu = "bscu_armed"
/\ time_crew = 11

@!@!@ENDMSG 2217 @!@!@
@!@!@STARTMSG 2217:4 @!@!@
13: <Wait line 76, col 5 to line 77, col 15 of module Sys>
/\ state_crew = "bscu_armed"
/\ abnormality_flag_crew = FALSE
/\ abnormality_happened_bscu = FALSE
/\ touchdown_happened_bscu = FALSE
/\ state_bscu = "bscu_armed"
/\ time_crew = 12

@!@!@ENDMSG 2217 @!@!@
@!@!@STARTMSG 2217:4 @!@!@
14: <Touchdown line 72, col 5 to line 73, col 20 of module Sys>
/\ state_crew = "bscu_armed"
/\ abnormality_flag_crew = FALSE
/\ abnormality_happened_bscu = FALSE
/\ touchdown_happened_bscu = TRUE
/\ state_bscu = "brake"
/\ time_crew = 13

@!@!@ENDMSG 2217 @!@!@
@!@!@STARTMSG 2201:0 @!@!@
The coverage statistics at 2025-11-05 15:00:07 (see https://explain.tlapl.us/module-coverage-statistics for how to interpret the following statistics).
@!@!@ENDMSG 2201 @!@!@
@!@!@STARTMSG 2779:0 @!@!@
<state_crew line 29, col 11 to line 29, col 20 of module Sys>: 6
@!@!@ENDMSG 2779 @!@!@
@!@!@STARTMSG 2779:0 @!@!@
<abnormality_flag_crew line 29, col 34 to line 29, col 54 of module Sys>: 2
@!@!@ENDMSG 2779 @!@!@
@!@!@STARTMSG 2779:0 @!@!@
<abnormality_happened_bscu line 29, col 69 to line 29, col 93 of module Sys>: 2
@!@!@ENDMSG 2779 @!@!@
@!@!@STARTMSG 2779:0 @!@!@
<touchdown_happened_bscu line 29, col 96 to line 29, col 118 of module Sys>: 1
@!@!@ENDMSG 2779 @!@!@
@!@!@STARTMSG 2779:0 @!@!@
<state_bscu line 29, col 57 to line 29, col 66 of module Sys>: 4
@!@!@ENDMSG 2779 @!@!@
@!@!@STARTMSG 2779:0 @!@!@
<time_crew line 29, col 23 to line 29, col 31 of module Sys>: 12
@!@!@ENDMSG 2779 @!@!@
@!@!@STARTMSG 2773:0 @!@!@
<Init line 43, col 1 to line 43, col 4 of module Sys>: 6:6
@!@!@ENDMSG 2773 @!@!@
@!@!@STARTMSG 2221:0 @!@!@
  line 44, col 8 to line 44, col 16 of module Sys: 3
@!@!@ENDMSG 2221 @!@!@
@!@!@STARTMSG 2221:0 @!@!@
  line 40, col 8 to line 40, col 41 of module EnvFlightCrew: 6
@!@!@ENDMSG 2221 @!@!@
@!@!@STARTMSG 2775:0 @!@!@
  |line 40, col 29 to line 40, col 41 of module EnvFlightCrew: 3:9
@!@!@ENDMSG 2775 @!@!@
@!@!@STARTMSG 2221:0 @!@!@
  ||line 40, col 30 to line 40, col 33 of module EnvFlightCrew: 3
@!@!@ENDMSG 2221 @!@!@
@!@!@STARTMSG 2221:0 @!@!@
  ||line 40, col 36 to line 40, col 40 of module EnvFlightCrew: 3
@!@!@ENDMSG 2221 @!@!@
@!@!@STARTMSG 2772:0 @!@!@
<TurnBSCUOn line 47, col 1 to line 47, col 10 of module Sys>: 2:4
@!@!@ENDMSG 2772 @!@!@
@!@!@STARTMSG 2221:0 @!@!@
  line 36, col 8 to line 36, col 25 of module MBSCU: 55
@!@!@ENDMSG 2221 @!@!@
@!@!@STARTMSG 2221:0 @!@!@
  |line 36, col 8 to line 36, col 12 of module MBSCU: 51
@!@!@ENDMSG 2221 @!@!@
@!@!@STARTMSG 2221:0 @!@!@
  line 37, col 8 to line 37, col 25 of module MBSCU: 4
@!@!@ENDMSG 2221 @!@!@
@!@!@STARTMSG 2221:0 @!@!@
  line 38, col 8 to line 38, col 61 of module MBSCU: 4
@!@!@ENDMSG 2221 @!@!@
@!@!@STARTMSG 2221:0 @!@!@
  line 43, col 8 to line 43, col 25 of module EnvFlightCrew: 9
@!@!@ENDMSG 2221 @!@!@
@!@!@STARTMSG 2221:0 @!@!@
  |line 43, col 8 to line 43, col 12 of module EnvFlightCrew: 5
@!@!@ENDMSG 2221 @!@!@
@!@!@STARTMSG 2221:0 @!@!@
  line 44, col 8 to line 44, col 25 of module EnvFlightCrew: 4
@!@!@ENDMSG 2221 @!@!@
@!@!@STARTMSG 2221:0 @!@!@
  line 45, col 8 to line 45, col 29 of module EnvFlightCrew: 8
@!@!@ENDMSG 2221 @!@!@
@!@!@STARTMSG 2221:0 @!@!@
  |line 45, col 8 to line 45, col 11 of module EnvFlightCrew: 4
@!@!@ENDMSG 2221 @!@!@
@!@!@STARTMSG 2221:0 @!@!@
  |line 45, col 16 to line 45, col 29 of module EnvFlightCrew: 4
@!@!@ENDMSG 2221 @!@!@
@!@!@STARTMSG 2221:0 @!@!@
  line 46, col 8 to line 46, col 23 of module EnvFlightCrew: 4
@!@!@ENDMSG 2221 @!@!@
@!@!@STARTMSG 2221:0 @!@!@
  line 47, col 8 to line 47, col 37 of module EnvFlightCrew: 4
@!@!@ENDMSG 2221 @!@!@
@!@!@STARTMSG 2772:0 @!@!@
<TurnBSCUOff line 51, col 1 to line 51, col 11 of module Sys>: 1:1
@!@!@ENDMSG 2772 @!@!@
@!@!@STARTMSG 2221:0 @!@!@
  line 42, col 8 to line 42, col 24 of module MBSCU: 50
@!@!@ENDMSG 2221 @!@!@
@!@!@STARTMSG 2221:0 @!@!@
  |line 42, col 8 to line 42, col 12 of module MBSCU: 49
@!@!@ENDMSG 2221 @!@!@
@!@!@STARTMSG 2221:0 @!@!@
  line 43, col 8 to line 43, col 26 of module MBSCU: 1
@!@!@ENDMSG 2221 @!@!@
@!@!@STARTMSG 2221:0 @!@!@
  line 44, col 8 to line 44, col 61 of module MBSCU: 1
@!@!@ENDMSG 2221 @!@!@
@!@!@STARTMSG 2221:0 @!@!@
  line 50, col 8 to line 50, col 33 of module EnvFlightCrew: 6
@!@!@ENDMSG 2221 @!@!@
@!@!@STARTMSG 2221:0 @!@!@
  |line 50, col 8 to line 50, col 12 of module EnvFlightCrew: 5
@!@!@ENDMSG 2221 @!@!@
@!@!@STARTMSG 2221:0 @!@!@
  line 51, col 8 to line 51, col 35 of module EnvFlightCrew: 1
@!@!@ENDMSG 2221 @!@!@
@!@!@STARTMSG 2221:0 @!@!@
  line 52, col 8 to line 52, col 29 of module EnvFlightCrew: 2
@!@!@ENDMSG 2221 @!@!@
@!@!@STARTMSG 2221:0 @!@!@
  |line 52, col 8 to line 52, col 11 of module EnvFlightCrew: 1
@!@!@ENDMSG 2221 @!@!@
@!@!@STARTMSG 2221:0 @!@!@
  |line 52, col 16 to line 52, col 29 of module EnvFlightCrew: 1
@!@!@ENDMSG 2221 @!@!@
@!@!@STARTMSG 2221:0 @!@!@
  line 53, col 8 to line 53, col 23 of module EnvFlightCrew: 1
@!@!@ENDMSG 2221 @!@!@
@!@!@STARTMSG 2221:0 @!@!@
  line 54, col 8 to line 54, col 37 of module EnvFlightCrew: 1
@!@!@ENDMSG 2221 @!@!@
@!@!@STARTMSG 2772:0 @!@!@
<ArmAutobrake line 55, col 1 to line 55, col 12 of module Sys>: 2:4
@!@!@ENDMSG 2772 @!@!@
@!@!@STARTMSG 2221:0 @!@!@
  line 47, col 8 to line 47, col 24 of module MBSCU: 53
@!@!@ENDMSG 2221 @!@!@
@!@!@STARTMSG 2221:0 @!@!@
  |line 47, col 8 to line 47, col 12 of module MBSCU: 49
@!@!@ENDMSG 2221 @!@!@
@!@!@STARTMSG 2221:0 @!@!@
  line 48, col 8 to line 48, col 28 of module MBSCU: 4
@!@!@ENDMSG 2221 @!@!@
@!@!@STARTMSG 2221:0 @!@!@
  line 49, col 8 to line 49, col 61 of module MBSCU: 4
@!@!@ENDMSG 2221 @!@!@
@!@!@STARTMSG 2221:0 @!@!@
  line 57, col 8 to line 57, col 24 of module EnvFlightCrew: 9
@!@!@ENDMSG 2221 @!@!@
@!@!@STARTMSG 2221:0 @!@!@
  |line 57, col 8 to line 57, col 12 of module EnvFlightCrew: 5
@!@!@ENDMSG 2221 @!@!@
@!@!@STARTMSG 2221:0 @!@!@
  line 58, col 8 to line 58, col 28 of module EnvFlightCrew: 4
@!@!@ENDMSG 2221 @!@!@
@!@!@STARTMSG 2221:0 @!@!@
  line 59, col 8 to line 59, col 29 of module EnvFlightCrew: 8
@!@!@ENDMSG 2221 @!@!@
@!@!@STARTMSG 2221:0 @!@!@
  |line 59, col 8 to line 59, col 11 of module EnvFlightCrew: 4
@!@!@ENDMSG 2221 @!@!@
@!@!@STARTMSG 2221:0 @!@!@
  |line 59, col 16 to line 59, col 29 of module EnvFlightCrew: 4
@!@!@ENDMSG 2221 @!@!@
@!@!@STARTMSG 2221:0 @!@!@
  line 60, col 8 to line 60, col 23 of module EnvFlightCrew: 4
@!@!@ENDMSG 2221 @!@!@
@!@!@STARTMSG 2221:0 @!@!@
  line 61, col 8 to line 61, col 37 of module EnvFlightCrew: 4
@!@!@ENDMSG 2221 @!@!@
@!@!@STARTMSG 2772:0 @!@!@
<DeArmAutobrake line 59, col 1 to line 59, col 14 of module Sys>: 1:1
@!@!@ENDMSG 2772 @!@!@
@!@!@STARTMSG 2221:0 @!@!@
  line 52, col 8 to line 52, col 27 of module MBSCU: 48
@!@!@ENDMSG 2221 @!@!@
@!@!@STARTMSG 2221:0 @!@!@
  |line 52, col 8 to line 52, col 12 of module MBSCU: 47
@!@!@ENDMSG 2221 @!@!@
@!@!@STARTMSG 2221:0 @!@!@
  line 53, col 8 to line 53, col 25 of module MBSCU: 1
@!@!@ENDMSG 2221 @!@!@
@!@!@STARTMSG 2221:0 @!@!@
  line 54, col 8 to line 54, col 61 of module MBSCU: 1
@!@!@ENDMSG 2221 @!@!@
@!@!@STARTMSG 2221:0 @!@!@
  line 64, col 8 to line 64, col 36 of module EnvFlightCrew: 39
@!@!@ENDMSG 2221 @!@!@
@!@!@STARTMSG 2221:0 @!@!@
  |line 64, col 8 to line 64, col 12 of module EnvFlightCrew: 38
@!@!@ENDMSG 2221 @!@!@
@!@!@STARTMSG 2221:0 @!@!@
  line 65, col 8 to line 65, col 34 of module EnvFlightCrew: 1
@!@!@ENDMSG 2221 @!@!@
@!@!@STARTMSG 2221:0 @!@!@
  line 66, col 8 to line 66, col 29 of module EnvFlightCrew: 2
@!@!@ENDMSG 2221 @!@!@
@!@!@STARTMSG 2221:0 @!@!@
  |line 66, col 8 to line 66, col 11 of module EnvFlightCrew: 1
@!@!@ENDMSG 2221 @!@!@
@!@!@STARTMSG 2221:0 @!@!@
  |line 66, col 16 to line 66, col 29 of module EnvFlightCrew: 1
@!@!@ENDMSG 2221 @!@!@
@!@!@STARTMSG 2221:0 @!@!@
  line 67, col 8 to line 67, col 23 of module EnvFlightCrew: 1
@!@!@ENDMSG 2221 @!@!@
@!@!@STARTMSG 2221:0 @!@!@
  line 68, col 8 to line 68, col 37 of module EnvFlightCrew: 1
@!@!@ENDMSG 2221 @!@!@
@!@!@STARTMSG 2772:0 @!@!@
<SetManualMode line 63, col 1 to line 63, col 13 of module Sys>: 1:1
@!@!@ENDMSG 2772 @!@!@
@!@!@STARTMSG 2221:0 @!@!@
  line 57, col 8 to line 57, col 25 of module MBSCU: 48
@!@!@ENDMSG 2221 @!@!@
@!@!@STARTMSG 2221:0 @!@!@
  |line 57, col 8 to line 57, col 12 of module MBSCU: 47
@!@!@ENDMSG 2221 @!@!@
@!@!@STARTMSG 2221:0 @!@!@
  line 58, col 8 to line 58, col 29 of module MBSCU: 1
@!@!@ENDMSG 2221 @!@!@
@!@!@STARTMSG 2221:0 @!@!@
  line 59, col 8 to line 59, col 61 of module MBSCU: 1
@!@!@ENDMSG 2221 @!@!@
@!@!@STARTMSG 2221:0 @!@!@
  line 71, col 8 to line 71, col 34 of module EnvFlightCrew: 4
@!@!@ENDMSG 2221 @!@!@
@!@!@STARTMSG 2221:0 @!@!@
  |line 71, col 8 to line 71, col 12 of module EnvFlightCrew: 3
@!@!@ENDMSG 2221 @!@!@
@!@!@STARTMSG 2221:0 @!@!@
  line 72, col 8 to line 72, col 29 of module EnvFlightCrew: 1
@!@!@ENDMSG 2221 @!@!@
@!@!@STARTMSG 2221:0 @!@!@
  line 73, col 8 to line 73, col 29 of module EnvFlightCrew: 2
@!@!@ENDMSG 2221 @!@!@
@!@!@STARTMSG 2221:0 @!@!@
  |line 73, col 8 to line 73, col 11 of module EnvFlightCrew: 1
@!@!@ENDMSG 2221 @!@!@
@!@!@STARTMSG 2221:0 @!@!@
  |line 73, col 16 to line 73, col 29 of module EnvFlightCrew: 1
@!@!@ENDMSG 2221 @!@!@
@!@!@STARTMSG 2221:0 @!@!@
  line 74, col 8 to line 74, col 23 of module EnvFlightCrew: 1
@!@!@ENDMSG 2221 @!@!@
@!@!@STARTMSG 2221:0 @!@!@
  line 75, col 8 to line 75, col 37 of module EnvFlightCrew: 1
@!@!@ENDMSG 2221 @!@!@
@!@!@STARTMSG 2772:0 @!@!@
<AbnormalDetected line 67, col 1 to line 67, col 16 of module Sys>: 1:1
@!@!@ENDMSG 2772 @!@!@
@!@!@STARTMSG 2221:0 @!@!@
  line 62, col 8 to line 62, col 35 of module MBSCU: 1
@!@!@ENDMSG 2221 @!@!@
@!@!@STARTMSG 2221:0 @!@!@
  |line 62, col 32 to line 62, col 35 of module MBSCU: 47
@!@!@ENDMSG 2221 @!@!@
@!@!@STARTMSG 2221:0 @!@!@
  line 63, col 8 to line 63, col 46 of module MBSCU: 1
@!@!@ENDMSG 2221 @!@!@
@!@!@STARTMSG 2221:0 @!@!@
  line 78, col 8 to line 78, col 42 of module EnvFlightCrew: 48
@!@!@ENDMSG 2221 @!@!@
@!@!@STARTMSG 2221:0 @!@!@
  |line 78, col 8 to line 78, col 12 of module EnvFlightCrew: 47
@!@!@ENDMSG 2221 @!@!@
@!@!@STARTMSG 2221:0 @!@!@
  |line 78, col 18 to line 78, col 42 of module EnvFlightCrew: 47
@!@!@ENDMSG 2221 @!@!@
@!@!@STARTMSG 2221:0 @!@!@
  line 79, col 8 to line 79, col 30 of module EnvFlightCrew: 40
@!@!@ENDMSG 2221 @!@!@
@!@!@STARTMSG 2221:0 @!@!@
  |line 79, col 8 to line 79, col 23 of module EnvFlightCrew: 39
@!@!@ENDMSG 2221 @!@!@
@!@!@STARTMSG 2221:0 @!@!@
  |line 79, col 27 to line 79, col 30 of module EnvFlightCrew: 39
@!@!@ENDMSG 2221 @!@!@
@!@!@STARTMSG 2221:0 @!@!@
  line 80, col 8 to line 80, col 41 of module EnvFlightCrew: 1
@!@!@ENDMSG 2221 @!@!@
@!@!@STARTMSG 2221:0 @!@!@
  |line 80, col 8 to line 80, col 11 of module EnvFlightCrew: 5
@!@!@ENDMSG 2221 @!@!@
@!@!@STARTMSG 2221:0 @!@!@
  |line 80, col 16 to line 80, col 41 of module EnvFlightCrew: 5
@!@!@ENDMSG 2221 @!@!@
@!@!@STARTMSG 2221:0 @!@!@
  line 81, col 8 to line 81, col 29 of module EnvFlightCrew: 2
@!@!@ENDMSG 2221 @!@!@
@!@!@STARTMSG 2221:0 @!@!@
  |line 81, col 8 to line 81, col 11 of module EnvFlightCrew: 1
@!@!@ENDMSG 2221 @!@!@
@!@!@STARTMSG 2221:0 @!@!@
  |line 81, col 16 to line 81, col 29 of module EnvFlightCrew: 1
@!@!@ENDMSG 2221 @!@!@
@!@!@STARTMSG 2221:0 @!@!@
  line 82, col 8 to line 82, col 65 of module EnvFlightCrew: 1
@!@!@ENDMSG 2221 @!@!@
@!@!@STARTMSG 2221:0 @!@!@
  line 83, col 8 to line 83, col 59 of module EnvFlightCrew: 1
@!@!@ENDMSG 2221 @!@!@
@!@!@STARTMSG 2221:0 @!@!@
  line 84, col 8 to line 84, col 43 of module EnvFlightCrew: 1
@!@!@ENDMSG 2221 @!@!@
@!@!@STARTMSG 2772:0 @!@!@
<Touchdown line 71, col 1 to line 71, col 9 of module Sys>: 1:3
@!@!@ENDMSG 2772 @!@!@
@!@!@STARTMSG 2221:0 @!@!@
  line 66, col 8 to line 68, col 33 of module MBSCU: 2
@!@!@ENDMSG 2221 @!@!@
@!@!@STARTMSG 2221:0 @!@!@
  |line 66, col 17 to line 68, col 33 of module MBSCU: 47
@!@!@ENDMSG 2221 @!@!@
@!@!@STARTMSG 2221:0 @!@!@
  ||line 66, col 22 to line 66, col 55 of module MBSCU: 47
@!@!@ENDMSG 2221 @!@!@
@!@!@STARTMSG 2221:0 @!@!@
  ||line 67, col 21 to line 67, col 70 of module MBSCU: 44
@!@!@ENDMSG 2221 @!@!@
@!@!@STARTMSG 2221:0 @!@!@
  |||line 67, col 21 to line 67, col 40 of module MBSCU: 44
@!@!@ENDMSG 2221 @!@!@
@!@!@STARTMSG 2221:0 @!@!@
  |||line 67, col 45 to line 67, col 70 of module MBSCU: 38
@!@!@ENDMSG 2221 @!@!@
@!@!@STARTMSG 2221:0 @!@!@
  ||line 68, col 20 to line 68, col 33 of module MBSCU: 7
@!@!@ENDMSG 2221 @!@!@
@!@!@STARTMSG 2221:0 @!@!@
  line 69, col 8 to line 69, col 33 of module MBSCU: 2
@!@!@ENDMSG 2221 @!@!@
@!@!@STARTMSG 2221:0 @!@!@
  |line 69, col 30 to line 69, col 33 of module MBSCU: 47
@!@!@ENDMSG 2221 @!@!@
@!@!@STARTMSG 2221:0 @!@!@
  line 70, col 8 to line 70, col 41 of module MBSCU: 2
@!@!@ENDMSG 2221 @!@!@
@!@!@STARTMSG 2221:0 @!@!@
  line 87, col 8 to line 87, col 28 of module EnvFlightCrew: 49
@!@!@ENDMSG 2221 @!@!@
@!@!@STARTMSG 2221:0 @!@!@
  |line 87, col 8 to line 87, col 11 of module EnvFlightCrew: 47
@!@!@ENDMSG 2221 @!@!@
@!@!@STARTMSG 2221:0 @!@!@
  |line 87, col 15 to line 87, col 28 of module EnvFlightCrew: 47
@!@!@ENDMSG 2221 @!@!@
@!@!@STARTMSG 2221:0 @!@!@
  line 88, col 8 to line 88, col 23 of module EnvFlightCrew: 2
@!@!@ENDMSG 2221 @!@!@
@!@!@STARTMSG 2221:0 @!@!@
  |line 88, col 16 to line 88, col 23 of module EnvFlightCrew: 3
@!@!@ENDMSG 2221 @!@!@
@!@!@STARTMSG 2221:0 @!@!@
  line 89, col 8 to line 89, col 44 of module EnvFlightCrew: 2
@!@!@ENDMSG 2221 @!@!@
@!@!@STARTMSG 2772:0 @!@!@
<Wait line 75, col 1 to line 75, col 4 of module Sys>: 16:45
@!@!@ENDMSG 2772 @!@!@
@!@!@STARTMSG 2221:0 @!@!@
  line 73, col 8 to line 73, col 68 of module MBSCU: 36
@!@!@ENDMSG 2221 @!@!@
@!@!@STARTMSG 2221:0 @!@!@
  line 39, col 14 to line 39, col 23 of module Sys: 186
@!@!@ENDMSG 2221 @!@!@
@!@!@STARTMSG 2221:0 @!@!@
  line 40, col 13 to line 40, col 21 of module Sys: 247
@!@!@ENDMSG 2221 @!@!@
@!@!@STARTMSG 2221:0 @!@!@
  line 41, col 25 to line 41, col 45 of module Sys: 73
@!@!@ENDMSG 2221 @!@!@
@!@!@STARTMSG 2221:0 @!@!@
  line 92, col 8 to line 92, col 46 of module EnvFlightCrew: 80
@!@!@ENDMSG 2221 @!@!@
@!@!@STARTMSG 2221:0 @!@!@
  |line 92, col 8 to line 92, col 12 of module EnvFlightCrew: 44
@!@!@ENDMSG 2221 @!@!@
@!@!@STARTMSG 2221:0 @!@!@
  |line 92, col 18 to line 92, col 46 of module EnvFlightCrew: 44
@!@!@ENDMSG 2221 @!@!@
@!@!@STARTMSG 2221:0 @!@!@
  line 93, col 8 to line 93, col 100 of module EnvFlightCrew: 3
@!@!@ENDMSG 2221 @!@!@
@!@!@STARTMSG 2221:0 @!@!@
  |line 93, col 9 to line 93, col 28 of module EnvFlightCrew: 37
@!@!@ENDMSG 2221 @!@!@
@!@!@STARTMSG 2221:0 @!@!@
  |line 93, col 36 to line 93, col 59 of module EnvFlightCrew: 64
@!@!@ENDMSG 2221 @!@!@
@!@!@STARTMSG 2221:0 @!@!@
  ||line 93, col 36 to line 93, col 51 of module EnvFlightCrew: 34
@!@!@ENDMSG 2221 @!@!@
@!@!@STARTMSG 2221:0 @!@!@
  ||line 93, col 55 to line 93, col 59 of module EnvFlightCrew: 34
@!@!@ENDMSG 2221 @!@!@
@!@!@STARTMSG 2221:0 @!@!@
  |line 93, col 66 to line 93, col 98 of module EnvFlightCrew: 12
@!@!@ENDMSG 2221 @!@!@
@!@!@STARTMSG 2221:0 @!@!@
  ||line 93, col 66 to line 93, col 69 of module EnvFlightCrew: 34
@!@!@ENDMSG 2221 @!@!@
@!@!@STARTMSG 2221:0 @!@!@
  ||line 93, col 73 to line 93, col 98 of module EnvFlightCrew: 34
@!@!@ENDMSG 2221 @!@!@
@!@!@STARTMSG 2221:0 @!@!@
  line 94, col 8 to line 94, col 29 of module EnvFlightCrew: 90
@!@!@ENDMSG 2221 @!@!@
@!@!@STARTMSG 2221:0 @!@!@
  |line 94, col 8 to line 94, col 11 of module EnvFlightCrew: 45
@!@!@ENDMSG 2221 @!@!@
@!@!@STARTMSG 2221:0 @!@!@
  |line 94, col 16 to line 94, col 29 of module EnvFlightCrew: 45
@!@!@ENDMSG 2221 @!@!@
@!@!@STARTMSG 2221:0 @!@!@
  line 95, col 8 to line 95, col 23 of module EnvFlightCrew: 45
@!@!@ENDMSG 2221 @!@!@
@!@!@STARTMSG 2221:0 @!@!@
  line 96, col 8 to line 96, col 23 of module EnvFlightCrew: 45
@!@!@ENDMSG 2221 @!@!@
@!@!@STARTMSG 2221:0 @!@!@
  line 97, col 8 to line 97, col 44 of module EnvFlightCrew: 45
@!@!@ENDMSG 2221 @!@!@
@!@!@STARTMSG 2774:0 @!@!@
<IntimeBrakeAfterTouchdown line 92, col 1 to line 92, col 25 of module Sys>
@!@!@ENDMSG 2774 @!@!@
@!@!@STARTMSG 2221:0 @!@!@
  line 92, col 30 to line 92, col 59 of module Sys: 27
@!@!@ENDMSG 2221 @!@!@
@!@!@STARTMSG 2221:0 @!@!@
  |line 34, col 14 to line 34, col 23 of module Sys: 342
@!@!@ENDMSG 2221 @!@!@
@!@!@STARTMSG 2221:0 @!@!@
  |line 35, col 29 to line 35, col 53 of module Sys: 38
@!@!@ENDMSG 2221 @!@!@
@!@!@STARTMSG 2221:0 @!@!@
  |line 36, col 27 to line 36, col 49 of module Sys: 27
@!@!@ENDMSG 2221 @!@!@
@!@!@STARTMSG 2221:0 @!@!@
  |line 91, col 5 to line 91, col 45 of module MBSCU: 27
@!@!@ENDMSG 2221 @!@!@
@!@!@STARTMSG 2221:0 @!@!@
  ||line 91, col 8 to line 91, col 45 of module MBSCU: 27
@!@!@ENDMSG 2221 @!@!@
@!@!@STARTMSG 2221:0 @!@!@
  |||line 91, col 8 to line 91, col 25 of module MBSCU: 27
@!@!@ENDMSG 2221 @!@!@
@!@!@STARTMSG 2221:0 @!@!@
  |||line 91, col 30 to line 91, col 45 of module MBSCU: 1
@!@!@ENDMSG 2221 @!@!@
@!@!@STARTMSG 2202:0 @!@!@
End of statistics.
@!@!@ENDMSG 2202 @!@!@
@!@!@STARTMSG 2200:0 @!@!@
Progress(14) at 2025-11-05 15:00:07: 30 states generated (5,940 s/min), 27 distinct states found (5,346 ds/min), 1 states left on queue.
@!@!@ENDMSG 2200 @!@!@
@!@!@STARTMSG 2199:0 @!@!@
30 states generated, 27 distinct states found, 1 states left on queue.
@!@!@ENDMSG 2199 @!@!@
@!@!@STARTMSG 2194:0 @!@!@
The depth of the complete state graph search is 14.
@!@!@ENDMSG 2194 @!@!@
@!@!@STARTMSG 2186:0 @!@!@
Finished in 304ms at (2025-11-05 15:00:07)
@!@!@ENDMSG 2186 @!@!@
